[36mvite v5.4.19 [32mbuilding for production...[36m[39m
transforming...
Browserslist: browsers data (caniuse-lite) is 9 months old. Please run:
  npx update-browserslist-db@latest
  Why you should do it regularly: https://github.com/browserslist/update-db#readme
[32m✓[39m 63 modules transformed.
[31mx[39m Build failed in 826ms
[31merror during build:
[31m[commonjs--resolver] Missing "./dist/svgo.browser.js" specifier in "svgo" package[31m
    at e (C:\Users\ariel\Projects\privacy-tools-suite\node_modules\vite\dist\node\chunks\dep-C6uTJdX2.js:46042:29)
    at n (C:\Users\ariel\Projects\privacy-tools-suite\node_modules\vite\dist\node\chunks\dep-C6uTJdX2.js:46042:627)
    at resolveExportsOrImports (C:\Users\ariel\Projects\privacy-tools-suite\node_modules\vite\dist\node\chunks\dep-C6uTJdX2.js:46662:39)
    at resolveDeepImport (C:\Users\ariel\Projects\privacy-tools-suite\node_modules\vite\dist\node\chunks\dep-C6uTJdX2.js:46686:25)
    at tryNodeResolve (C:\Users\ariel\Projects\privacy-tools-suite\node_modules\vite\dist\node\chunks\dep-C6uTJdX2.js:46451:16)
    at resolveId (C:\Users\ariel\Projects\privacy-tools-suite\node_modules\vite\dist\node\chunks\dep-C6uTJdX2.js:46201:19)
    at <anonymous> (C:\Users\ariel\Projects\privacy-tools-suite\node_modules\rollup\dist\es\shared\node-entry.js:20730:40)
    at processTicksAndRejections (native:7:39)[39m
